// Jest Snapshot v1, https://goo.gl/fbAQLP

exports[`Pruebas en <AppRouter /> Debe de mostrar el componente LoginScren si no esta autenticado 1`] = `
<div>
  <div
    className="container mt-5"
  >
    <h1>
      Login Screen
    </h1>
    <hr />
    <button
      className="btn btn-primary"
      onClick={[Function]}
    >
      Ingresar
    </button>
  </div>
</div>
`;
